// Jest Snapshot v1, https://goo.gl/fbAQLP

exports[`ProfileStatus Component Status from state should be a state 1`] = `
<div>
  <div>
    <span
      onDoubleClick={[Function]}
    >
      No status
    </span>
  </div>
</div>
`;
